docker : WARNING: A Java agent has been loaded dynamically 
(/root/.m2/repository/net/bytebuddy/byte-buddy-agent/1.14.11/byte-buddy-agent-1.14.11.jar)
At line:1 char:1
+ docker run --rm -v ${PWD}:/app -w /app maven:3.9-eclipse-temurin-21 m ...
+ ~~~~~~~~~~~~~~~~~~~~~~~~~~~~~~~~~~~~~~~~~~~~~~~~~~~~~~~~~~~~~~~~~~~~~
    + CategoryInfo          : NotSpecified: (WARNING: A Java...nt-1.14.11.jar):String) [], RemoteException
    + FullyQualifiedErrorId : NativeCommandError
 
WARNING: If a serviceability tool is in use, please run with -XX:+EnableDynamicAgentLoading to hide this warning
WARNING: If a serviceability tool is not in use, please run with -Djdk.instrument.traceUsage for more information
WARNING: Dynamic loading of agents will be disallowed by default in a future release
OpenJDK 64-Bit Server VM warning: Sharing is only supported for boot loader classes because bootstrap classpath has been 
appended
Processing report request for property: Main Building with report type: pdf
Report sent successfully to user@example.com
Processing report request for property: Main Building with report type: pdf
Processing report request for property: Main Building with report type: pdf
Error processing report request: Email sending failed
java.lang.RuntimeException: Email sending failed
	at com.example.receipt.messaging.ReportMessageConsumer.processReportRequest(ReportMessageConsumer.java:80)
	at com.example.receipt.messaging.ReportMessageConsumerTest.testProcessReportMessageEmailSendingError(ReportMessageConsumerT
est.java:172)
	at java.base/jdk.internal.reflect.DirectMethodHandleAccessor.invoke(DirectMethodHandleAccessor.java:103)
	at java.base/java.lang.reflect.Method.invoke(Method.java:580)
	at org.junit.platform.commons.util.ReflectionUtils.invokeMethod(ReflectionUtils.java:728)
	at org.junit.jupiter.engine.execution.MethodInvocation.proceed(MethodInvocation.java:60)
	at org.junit.jupiter.engine.execution.InvocationInterceptorChain$ValidatingInvocation.proceed(InvocationInterceptorChain.ja
va:131)
	at org.junit.jupiter.engine.extension.TimeoutExtension.intercept(TimeoutExtension.java:156)
	at org.junit.jupiter.engine.extension.TimeoutExtension.interceptTestableMethod(TimeoutExtension.java:147)
	at org.junit.jupiter.engine.extension.TimeoutExtension.interceptTestMethod(TimeoutExtension.java:86)
	at org.junit.jupiter.engine.execution.InterceptingExecutableInvoker$ReflectiveInterceptorCall.lambda$ofVoidMethod$0(Interce
ptingExecutableInvoker.java:103)
	at org.junit.jupiter.engine.execution.InterceptingExecutableInvoker.lambda$invoke$0(InterceptingExecutableInvoker.java:93)
	at org.junit.jupiter.engine.execution.InvocationInterceptorChain$InterceptedInvocation.proceed(InvocationInterceptorChain.j
ava:106)
	at org.junit.jupiter.engine.execution.InvocationInterceptorChain.proceed(InvocationInterceptorChain.java:64)
	at org.junit.jupiter.engine.execution.InvocationInterceptorChain.chainAndInvoke(InvocationInterceptorChain.java:45)
	at org.junit.jupiter.engine.execution.InvocationInterceptorChain.invoke(InvocationInterceptorChain.java:37)
	at org.junit.jupiter.engine.execution.InterceptingExecutableInvoker.invoke(InterceptingExecutableInvoker.java:92)
	at org.junit.jupiter.engine.execution.InterceptingExecutableInvoker.invoke(InterceptingExecutableInvoker.java:86)
	at 
org.junit.jupiter.engine.descriptor.TestMethodTestDescriptor.lambda$invokeTestMethod$7(TestMethodTestDescriptor.java:218)
	at org.junit.platform.engine.support.hierarchical.ThrowableCollector.execute(ThrowableCollector.java:73)
	at org.junit.jupiter.engine.descriptor.TestMethodTestDescriptor.invokeTestMethod(TestMethodTestDescriptor.java:214)
	at org.junit.jupiter.engine.descriptor.TestMethodTestDescriptor.execute(TestMethodTestDescriptor.java:139)
	at org.junit.jupiter.engine.descriptor.TestMethodTestDescriptor.execute(TestMethodTestDescriptor.java:69)
	at org.junit.platform.engine.support.hierarchical.NodeTestTask.lambda$executeRecursively$6(NodeTestTask.java:151)
	at org.junit.platform.engine.support.hierarchical.ThrowableCollector.execute(ThrowableCollector.java:73)
	at org.junit.platform.engine.support.hierarchical.NodeTestTask.lambda$executeRecursively$8(NodeTestTask.java:141)
	at org.junit.platform.engine.support.hierarchical.Node.around(Node.java:137)
	at org.junit.platform.engine.support.hierarchical.NodeTestTask.lambda$executeRecursively$9(NodeTestTask.java:139)
	at org.junit.platform.engine.support.hierarchical.ThrowableCollector.execute(ThrowableCollector.java:73)
	at org.junit.platform.engine.support.hierarchical.NodeTestTask.executeRecursively(NodeTestTask.java:138)
	at org.junit.platform.engine.support.hierarchical.NodeTestTask.execute(NodeTestTask.java:95)
	at java.base/java.util.ArrayList.forEach(ArrayList.java:1596)
	at org.junit.platform.engine.support.hierarchical.SameThreadHierarchicalTestExecutorService.invokeAll(SameThreadHierarchica
lTestExecutorService.java:41)
	at org.junit.platform.engine.support.hierarchical.NodeTestTask.lambda$executeRecursively$6(NodeTestTask.java:155)
	at org.junit.platform.engine.support.hierarchical.ThrowableCollector.execute(ThrowableCollector.java:73)
	at org.junit.platform.engine.support.hierarchical.NodeTestTask.lambda$executeRecursively$8(NodeTestTask.java:141)
	at org.junit.platform.engine.support.hierarchical.Node.around(Node.java:137)
	at org.junit.platform.engine.support.hierarchical.NodeTestTask.lambda$executeRecursively$9(NodeTestTask.java:139)
	at org.junit.platform.engine.support.hierarchical.ThrowableCollector.execute(ThrowableCollector.java:73)
	at org.junit.platform.engine.support.hierarchical.NodeTestTask.executeRecursively(NodeTestTask.java:138)
	at org.junit.platform.engine.support.hierarchical.NodeTestTask.execute(NodeTestTask.java:95)
	at java.base/java.util.ArrayList.forEach(ArrayList.java:1596)
	at org.junit.platform.engine.support.hierarchical.SameThreadHierarchicalTestExecutorService.invokeAll(SameThreadHierarchica
lTestExecutorService.java:41)
	at org.junit.platform.engine.support.hierarchical.NodeTestTask.lambda$executeRecursively$6(NodeTestTask.java:155)
	at org.junit.platform.engine.support.hierarchical.ThrowableCollector.execute(ThrowableCollector.java:73)
	at org.junit.platform.engine.support.hierarchical.NodeTestTask.lambda$executeRecursively$8(NodeTestTask.java:141)
	at org.junit.platform.engine.support.hierarchical.Node.around(Node.java:137)
	at org.junit.platform.engine.support.hierarchical.NodeTestTask.lambda$executeRecursively$9(NodeTestTask.java:139)
	at org.junit.platform.engine.support.hierarchical.ThrowableCollector.execute(ThrowableCollector.java:73)
	at org.junit.platform.engine.support.hierarchical.NodeTestTask.executeRecursively(NodeTestTask.java:138)
	at org.junit.platform.engine.support.hierarchical.NodeTestTask.execute(NodeTestTask.java:95)
	at org.junit.platform.engine.support.hierarchical.SameThreadHierarchicalTestExecutorService.submit(SameThreadHierarchicalTe
stExecutorService.java:35)
	at org.junit.platform.engine.support.hierarchical.HierarchicalTestExecutor.execute(HierarchicalTestExecutor.java:57)
	at org.junit.platform.engine.support.hierarchical.HierarchicalTestEngine.execute(HierarchicalTestEngine.java:54)
	at org.junit.platform.launcher.core.EngineExecutionOrchestrator.execute(EngineExecutionOrchestrator.java:198)
	at org.junit.platform.launcher.core.EngineExecutionOrchestrator.execute(EngineExecutionOrchestrator.java:169)
	at org.junit.platform.launcher.core.EngineExecutionOrchestrator.execute(EngineExecutionOrchestrator.java:93)
	at org.junit.platform.launcher.core.EngineExecutionOrchestrator.lambda$execute$0(EngineExecutionOrchestrator.java:58)
	at 
org.junit.platform.launcher.core.EngineExecutionOrchestrator.withInterceptedStreams(EngineExecutionOrchestrator.java:141)
	at org.junit.platform.launcher.core.EngineExecutionOrchestrator.execute(EngineExecutionOrchestrator.java:57)
	at org.junit.platform.launcher.core.DefaultLauncher.execute(DefaultLauncher.java:103)
	at org.junit.platform.launcher.core.DefaultLauncher.execute(DefaultLauncher.java:85)
	at org.junit.platform.launcher.core.DelegatingLauncher.execute(DelegatingLauncher.java:47)
	at org.apache.maven.surefire.junitplatform.LazyLauncher.execute(LazyLauncher.java:56)
	at org.apache.maven.surefire.junitplatform.JUnitPlatformProvider.execute(JUnitPlatformProvider.java:184)
	at org.apache.maven.surefire.junitplatform.JUnitPlatformProvider.invokeAllTests(JUnitPlatformProvider.java:148)
	at org.apache.maven.surefire.junitplatform.JUnitPlatformProvider.invoke(JUnitPlatformProvider.java:122)
	at org.apache.maven.surefire.booter.ForkedBooter.runSuitesInProcess(ForkedBooter.java:385)
	at org.apache.maven.surefire.booter.ForkedBooter.execute(ForkedBooter.java:162)
	at org.apache.maven.surefire.booter.ForkedBooter.run(ForkedBooter.java:507)
	at org.apache.maven.surefire.booter.ForkedBooter.main(ForkedBooter.java:495)
Processing report request for property: Main Building with report type: pdf
Error processing report request: Report generation failed
java.lang.RuntimeException: Report generation failed
	at com.example.receipt.messaging.ReportMessageConsumer.processReportRequest(ReportMessageConsumer.java:68)
	at com.example.receipt.messaging.ReportMessageConsumerTest.testProcessReportMessagePdfGenerationError(ReportMessageConsumer
Test.java:151)
	at java.base/jdk.internal.reflect.DirectMethodHandleAccessor.invoke(DirectMethodHandleAccessor.java:103)
	at java.base/java.lang.reflect.Method.invoke(Method.java:580)
	at org.junit.platform.commons.util.ReflectionUtils.invokeMethod(ReflectionUtils.java:728)
	at org.junit.jupiter.engine.execution.MethodInvocation.proceed(MethodInvocation.java:60)
	at org.junit.jupiter.engine.execution.InvocationInterceptorChain$ValidatingInvocation.proceed(InvocationInterceptorChain.ja
va:131)
	at org.junit.jupiter.engine.extension.TimeoutExtension.intercept(TimeoutExtension.java:156)
	at org.junit.jupiter.engine.extension.TimeoutExtension.interceptTestableMethod(TimeoutExtension.java:147)
	at org.junit.jupiter.engine.extension.TimeoutExtension.interceptTestMethod(TimeoutExtension.java:86)
	at org.junit.jupiter.engine.execution.InterceptingExecutableInvoker$ReflectiveInterceptorCall.lambda$ofVoidMethod$0(Interce
ptingExecutableInvoker.java:103)
	at org.junit.jupiter.engine.execution.InterceptingExecutableInvoker.lambda$invoke$0(InterceptingExecutableInvoker.java:93)
	at org.junit.jupiter.engine.execution.InvocationInterceptorChain$InterceptedInvocation.proceed(InvocationInterceptorChain.j
ava:106)
	at org.junit.jupiter.engine.execution.InvocationInterceptorChain.proceed(InvocationInterceptorChain.java:64)
	at org.junit.jupiter.engine.execution.InvocationInterceptorChain.chainAndInvoke(InvocationInterceptorChain.java:45)
	at org.junit.jupiter.engine.execution.InvocationInterceptorChain.invoke(InvocationInterceptorChain.java:37)
	at org.junit.jupiter.engine.execution.InterceptingExecutableInvoker.invoke(InterceptingExecutableInvoker.java:92)
	at org.junit.jupiter.engine.execution.InterceptingExecutableInvoker.invoke(InterceptingExecutableInvoker.java:86)
	at 
org.junit.jupiter.engine.descriptor.TestMethodTestDescriptor.lambda$invokeTestMethod$7(TestMethodTestDescriptor.java:218)
	at org.junit.platform.engine.support.hierarchical.ThrowableCollector.execute(ThrowableCollector.java:73)
	at org.junit.jupiter.engine.descriptor.TestMethodTestDescriptor.invokeTestMethod(TestMethodTestDescriptor.java:214)
	at org.junit.jupiter.engine.descriptor.TestMethodTestDescriptor.execute(TestMethodTestDescriptor.java:139)
	at org.junit.jupiter.engine.descriptor.TestMethodTestDescriptor.execute(TestMethodTestDescriptor.java:69)
	at org.junit.platform.engine.support.hierarchical.NodeTestTask.lambda$executeRecursively$6(NodeTestTask.java:151)
	at org.junit.platform.engine.support.hierarchical.ThrowableCollector.execute(ThrowableCollector.java:73)
	at org.junit.platform.engine.support.hierarchical.NodeTestTask.lambda$executeRecursively$8(NodeTestTask.java:141)
	at org.junit.platform.engine.support.hierarchical.Node.around(Node.java:137)
	at org.junit.platform.engine.support.hierarchical.NodeTestTask.lambda$executeRecursively$9(NodeTestTask.java:139)
	at org.junit.platform.engine.support.hierarchical.ThrowableCollector.execute(ThrowableCollector.java:73)
	at org.junit.platform.engine.support.hierarchical.NodeTestTask.executeRecursively(NodeTestTask.java:138)
	at org.junit.platform.engine.support.hierarchical.NodeTestTask.execute(NodeTestTask.java:95)
	at java.base/java.util.ArrayList.forEach(ArrayList.java:1596)
	at org.junit.platform.engine.support.hierarchical.SameThreadHierarchicalTestExecutorService.invokeAll(SameThreadHierarchica
lTestExecutorService.java:41)
	at org.junit.platform.engine.support.hierarchical.NodeTestTask.lambda$executeRecursively$6(NodeTestTask.java:155)
	at org.junit.platform.engine.support.hierarchical.ThrowableCollector.execute(ThrowableCollector.java:73)
	at org.junit.platform.engine.support.hierarchical.NodeTestTask.lambda$executeRecursively$8(NodeTestTask.java:141)
	at org.junit.platform.engine.support.hierarchical.Node.around(Node.java:137)
	at org.junit.platform.engine.support.hierarchical.NodeTestTask.lambda$executeRecursively$9(NodeTestTask.java:139)
	at org.junit.platform.engine.support.hierarchical.ThrowableCollector.execute(ThrowableCollector.java:73)
	at org.junit.platform.engine.support.hierarchical.NodeTestTask.executeRecursively(NodeTestTask.java:138)
	at org.junit.platform.engine.support.hierarchical.NodeTestTask.execute(NodeTestTask.java:95)
	at java.base/java.util.ArrayList.forEach(ArrayList.java:1596)
	at org.junit.platform.engine.support.hierarchical.SameThreadHierarchicalTestExecutorService.invokeAll(SameThreadHierarchica
lTestExecutorService.java:41)
	at org.junit.platform.engine.support.hierarchical.NodeTestTask.lambda$executeRecursively$6(NodeTestTask.java:155)
	at org.junit.platform.engine.support.hierarchical.ThrowableCollector.execute(ThrowableCollector.java:73)
	at org.junit.platform.engine.support.hierarchical.NodeTestTask.lambda$executeRecursively$8(NodeTestTask.java:141)
	at org.junit.platform.engine.support.hierarchical.Node.around(Node.java:137)
	at org.junit.platform.engine.support.hierarchical.NodeTestTask.lambda$executeRecursively$9(NodeTestTask.java:139)
	at org.junit.platform.engine.support.hierarchical.ThrowableCollector.execute(ThrowableCollector.java:73)
	at org.junit.platform.engine.support.hierarchical.NodeTestTask.executeRecursively(NodeTestTask.java:138)
	at org.junit.platform.engine.support.hierarchical.NodeTestTask.execute(NodeTestTask.java:95)
	at org.junit.platform.engine.support.hierarchical.SameThreadHierarchicalTestExecutorService.submit(SameThreadHierarchicalTe
stExecutorService.java:35)
	at org.junit.platform.engine.support.hierarchical.HierarchicalTestExecutor.execute(HierarchicalTestExecutor.java:57)
	at org.junit.platform.engine.support.hierarchical.HierarchicalTestEngine.execute(HierarchicalTestEngine.java:54)
	at org.junit.platform.launcher.core.EngineExecutionOrchestrator.execute(EngineExecutionOrchestrator.java:198)
	at org.junit.platform.launcher.core.EngineExecutionOrchestrator.execute(EngineExecutionOrchestrator.java:169)
	at org.junit.platform.launcher.core.EngineExecutionOrchestrator.execute(EngineExecutionOrchestrator.java:93)
	at org.junit.platform.launcher.core.EngineExecutionOrchestrator.lambda$execute$0(EngineExecutionOrchestrator.java:58)
	at 
org.junit.platform.launcher.core.EngineExecutionOrchestrator.withInterceptedStreams(EngineExecutionOrchestrator.java:141)
	at org.junit.platform.launcher.core.EngineExecutionOrchestrator.execute(EngineExecutionOrchestrator.java:57)
	at org.junit.platform.launcher.core.DefaultLauncher.execute(DefaultLauncher.java:103)
	at org.junit.platform.launcher.core.DefaultLauncher.execute(DefaultLauncher.java:85)
	at org.junit.platform.launcher.core.DelegatingLauncher.execute(DelegatingLauncher.java:47)
	at org.apache.maven.surefire.junitplatform.LazyLauncher.execute(LazyLauncher.java:56)
	at org.apache.maven.surefire.junitplatform.JUnitPlatformProvider.execute(JUnitPlatformProvider.java:184)
	at org.apache.maven.surefire.junitplatform.JUnitPlatformProvider.invokeAllTests(JUnitPlatformProvider.java:148)
	at org.apache.maven.surefire.junitplatform.JUnitPlatformProvider.invoke(JUnitPlatformProvider.java:122)
	at org.apache.maven.surefire.booter.ForkedBooter.runSuitesInProcess(ForkedBooter.java:385)
	at org.apache.maven.surefire.booter.ForkedBooter.execute(ForkedBooter.java:162)
	at org.apache.maven.surefire.booter.ForkedBooter.run(ForkedBooter.java:507)
	at org.apache.maven.surefire.booter.ForkedBooter.main(ForkedBooter.java:495)
Processing report request for property: Main Building with report type: pdf
Processing report request for property: Downtown Office with report type: pdf
Report sent successfully to admin@example.com
Processing report request for property: Main Building with report type: pdf
Error processing report request: Database error
java.lang.RuntimeException: Database error
	at com.example.receipt.messaging.ReportMessageConsumer.processReportRequest(ReportMessageConsumer.java:40)
	at com.example.receipt.messaging.ReportMessageConsumerTest.lambda$testProcessReportMessageConsumerContinuesOnError$0(Report
MessageConsumerTest.java:259)
	at org.junit.jupiter.api.AssertDoesNotThrow.assertDoesNotThrow(AssertDoesNotThrow.java:49)
	at org.junit.jupiter.api.AssertDoesNotThrow.assertDoesNotThrow(AssertDoesNotThrow.java:36)
	at org.junit.jupiter.api.Assertions.assertDoesNotThrow(Assertions.java:3168)
	at com.example.receipt.messaging.ReportMessageConsumerTest.testProcessReportMessageConsumerContinuesOnError(ReportMessageCo
nsumerTest.java:259)
	at java.base/jdk.internal.reflect.DirectMethodHandleAccessor.invoke(DirectMethodHandleAccessor.java:103)
	at java.base/java.lang.reflect.Method.invoke(Method.java:580)
	at org.junit.platform.commons.util.ReflectionUtils.invokeMethod(ReflectionUtils.java:728)
	at org.junit.jupiter.engine.execution.MethodInvocation.proceed(MethodInvocation.java:60)
	at org.junit.jupiter.engine.execution.InvocationInterceptorChain$ValidatingInvocation.proceed(InvocationInterceptorChain.ja
va:131)
	at org.junit.jupiter.engine.extension.TimeoutExtension.intercept(TimeoutExtension.java:156)
	at org.junit.jupiter.engine.extension.TimeoutExtension.interceptTestableMethod(TimeoutExtension.java:147)
	at org.junit.jupiter.engine.extension.TimeoutExtension.interceptTestMethod(TimeoutExtension.java:86)
	at org.junit.jupiter.engine.execution.InterceptingExecutableInvoker$ReflectiveInterceptorCall.lambda$ofVoidMethod$0(Interce
ptingExecutableInvoker.java:103)
	at org.junit.jupiter.engine.execution.InterceptingExecutableInvoker.lambda$invoke$0(InterceptingExecutableInvoker.java:93)
	at org.junit.jupiter.engine.execution.InvocationInterceptorChain$InterceptedInvocation.proceed(InvocationInterceptorChain.j
ava:106)
	at org.junit.jupiter.engine.execution.InvocationInterceptorChain.proceed(InvocationInterceptorChain.java:64)
	at org.junit.jupiter.engine.execution.InvocationInterceptorChain.chainAndInvoke(InvocationInterceptorChain.java:45)
	at org.junit.jupiter.engine.execution.InvocationInterceptorChain.invoke(InvocationInterceptorChain.java:37)
	at org.junit.jupiter.engine.execution.InterceptingExecutableInvoker.invoke(InterceptingExecutableInvoker.java:92)
	at org.junit.jupiter.engine.execution.InterceptingExecutableInvoker.invoke(InterceptingExecutableInvoker.java:86)
	at 
org.junit.jupiter.engine.descriptor.TestMethodTestDescriptor.lambda$invokeTestMethod$7(TestMethodTestDescriptor.java:218)
	at org.junit.platform.engine.support.hierarchical.ThrowableCollector.execute(ThrowableCollector.java:73)
	at org.junit.jupiter.engine.descriptor.TestMethodTestDescriptor.invokeTestMethod(TestMethodTestDescriptor.java:214)
	at org.junit.jupiter.engine.descriptor.TestMethodTestDescriptor.execute(TestMethodTestDescriptor.java:139)
	at org.junit.jupiter.engine.descriptor.TestMethodTestDescriptor.execute(TestMethodTestDescriptor.java:69)
	at org.junit.platform.engine.support.hierarchical.NodeTestTask.lambda$executeRecursively$6(NodeTestTask.java:151)
	at org.junit.platform.engine.support.hierarchical.ThrowableCollector.execute(ThrowableCollector.java:73)
	at org.junit.platform.engine.support.hierarchical.NodeTestTask.lambda$executeRecursively$8(NodeTestTask.java:141)
	at org.junit.platform.engine.support.hierarchical.Node.around(Node.java:137)
	at org.junit.platform.engine.support.hierarchical.NodeTestTask.lambda$executeRecursively$9(NodeTestTask.java:139)
	at org.junit.platform.engine.support.hierarchical.ThrowableCollector.execute(ThrowableCollector.java:73)
	at org.junit.platform.engine.support.hierarchical.NodeTestTask.executeRecursively(NodeTestTask.java:138)
	at org.junit.platform.engine.support.hierarchical.NodeTestTask.execute(NodeTestTask.java:95)
	at java.base/java.util.ArrayList.forEach(ArrayList.java:1596)
	at org.junit.platform.engine.support.hierarchical.SameThreadHierarchicalTestExecutorService.invokeAll(SameThreadHierarchica
lTestExecutorService.java:41)
	at org.junit.platform.engine.support.hierarchical.NodeTestTask.lambda$executeRecursively$6(NodeTestTask.java:155)
	at org.junit.platform.engine.support.hierarchical.ThrowableCollector.execute(ThrowableCollector.java:73)
	at org.junit.platform.engine.support.hierarchical.NodeTestTask.lambda$executeRecursively$8(NodeTestTask.java:141)
	at org.junit.platform.engine.support.hierarchical.Node.around(Node.java:137)
	at org.junit.platform.engine.support.hierarchical.NodeTestTask.lambda$executeRecursively$9(NodeTestTask.java:139)
	at org.junit.platform.engine.support.hierarchical.ThrowableCollector.execute(ThrowableCollector.java:73)
	at org.junit.platform.engine.support.hierarchical.NodeTestTask.executeRecursively(NodeTestTask.java:138)
	at org.junit.platform.engine.support.hierarchical.NodeTestTask.execute(NodeTestTask.java:95)
	at java.base/java.util.ArrayList.forEach(ArrayList.java:1596)
	at org.junit.platform.engine.support.hierarchical.SameThreadHierarchicalTestExecutorService.invokeAll(SameThreadHierarchica
lTestExecutorService.java:41)
	at org.junit.platform.engine.support.hierarchical.NodeTestTask.lambda$executeRecursively$6(NodeTestTask.java:155)
	at org.junit.platform.engine.support.hierarchical.ThrowableCollector.execute(ThrowableCollector.java:73)
	at org.junit.platform.engine.support.hierarchical.NodeTestTask.lambda$executeRecursively$8(NodeTestTask.java:141)
	at org.junit.platform.engine.support.hierarchical.Node.around(Node.java:137)
	at org.junit.platform.engine.support.hierarchical.NodeTestTask.lambda$executeRecursively$9(NodeTestTask.java:139)
	at org.junit.platform.engine.support.hierarchical.ThrowableCollector.execute(ThrowableCollector.java:73)
	at org.junit.platform.engine.support.hierarchical.NodeTestTask.executeRecursively(NodeTestTask.java:138)
	at org.junit.platform.engine.support.hierarchical.NodeTestTask.execute(NodeTestTask.java:95)
	at org.junit.platform.engine.support.hierarchical.SameThreadHierarchicalTestExecutorService.submit(SameThreadHierarchicalTe
stExecutorService.java:35)
	at org.junit.platform.engine.support.hierarchical.HierarchicalTestExecutor.execute(HierarchicalTestExecutor.java:57)
	at org.junit.platform.engine.support.hierarchical.HierarchicalTestEngine.execute(HierarchicalTestEngine.java:54)
	at org.junit.platform.launcher.core.EngineExecutionOrchestrator.execute(EngineExecutionOrchestrator.java:198)
	at org.junit.platform.launcher.core.EngineExecutionOrchestrator.execute(EngineExecutionOrchestrator.java:169)
	at org.junit.platform.launcher.core.EngineExecutionOrchestrator.execute(EngineExecutionOrchestrator.java:93)
	at org.junit.platform.launcher.core.EngineExecutionOrchestrator.lambda$execute$0(EngineExecutionOrchestrator.java:58)
	at 
org.junit.platform.launcher.core.EngineExecutionOrchestrator.withInterceptedStreams(EngineExecutionOrchestrator.java:141)
	at org.junit.platform.launcher.core.EngineExecutionOrchestrator.execute(EngineExecutionOrchestrator.java:57)
	at org.junit.platform.launcher.core.DefaultLauncher.execute(DefaultLauncher.java:103)
	at org.junit.platform.launcher.core.DefaultLauncher.execute(DefaultLauncher.java:85)
	at org.junit.platform.launcher.core.DelegatingLauncher.execute(DelegatingLauncher.java:47)
	at org.apache.maven.surefire.junitplatform.LazyLauncher.execute(LazyLauncher.java:56)
	at org.apache.maven.surefire.junitplatform.JUnitPlatformProvider.execute(JUnitPlatformProvider.java:184)
	at org.apache.maven.surefire.junitplatform.JUnitPlatformProvider.invokeAllTests(JUnitPlatformProvider.java:148)
	at org.apache.maven.surefire.junitplatform.JUnitPlatformProvider.invoke(JUnitPlatformProvider.java:122)
	at org.apache.maven.surefire.booter.ForkedBooter.runSuitesInProcess(ForkedBooter.java:385)
	at org.apache.maven.surefire.booter.ForkedBooter.execute(ForkedBooter.java:162)
	at org.apache.maven.surefire.booter.ForkedBooter.run(ForkedBooter.java:507)
	at org.apache.maven.surefire.booter.ForkedBooter.main(ForkedBooter.java:495)
Processing report request for property: Main Building with report type: pdf
Report sent successfully to user@example.com
Report request sent to RabbitMQ: Main Building for year 2024
Report request sent to RabbitMQ: Property1 for year 2024
Report request sent to RabbitMQ: Property2 for year 2023
Report request sent to RabbitMQ: Property3 for year 2022
Report request sent to RabbitMQ: Main Building for year 2024
Report request sent to RabbitMQ: null for year null
Report request sent to RabbitMQ: Complex Building Name with Spaces for year 2025
Report request sent to RabbitMQ: Downtown Office for year 2023
Standard Commons Logging discovery in action with spring-jcl: please remove commons-logging.jar from classpath in order to avoid potential conflicts
19:10:05.896 [main] INFO org.springframework.test.context.support.AnnotationConfigContextLoaderUtils -- Could not detect default configuration classes for test class [com.example.receipt.ReceiptApplicationTests]: ReceiptApplicationTests does not declare any static, non-private, non-final, nested classes annotated with @Configuration.
19:10:06.843 [main] INFO org.springframework.boot.test.context.SpringBootTestContextBootstrapper -- Found @SpringBootConfiguration com.example.receipt.ReceiptApplication for test class com.example.receipt.ReceiptApplicationTests

  .   ____          _            __ _ _
 /\\ / ___'_ __ _ _(_)_ __  __ _ \ \ \ \
( ( )\___ | '_ | '_| | '_ \/ _` | \ \ \ \
 \\/  ___)| |_)| | | | | || (_| |  ) ) ) )
  '  |____| .__|_| |_|_| |_\__, | / / / /
 =========|_|==============|___/=/_/_/_/
 :: Spring Boot ::                (v3.2.2)

2026-01-26T19:10:09.459Z  INFO 127 --- [           main] c.e.receipt.ReceiptApplicationTests      : Starting ReceiptApplicationTests using Java 21.0.9 with PID 127 (started by root in /app)
2026-01-26T19:10:09.473Z  INFO 127 --- [           main] c.e.receipt.ReceiptApplicationTests      : No active profile set, falling back to 1 default profile: "default"
2026-01-26T19:10:15.650Z  INFO 127 --- [           main] .s.d.r.c.RepositoryConfigurationDelegate : Bootstrapping Spring Data JPA repositories in DEFAULT mode.
2026-01-26T19:10:16.359Z  INFO 127 --- [           main] .s.d.r.c.RepositoryConfigurationDelegate : Finished Spring Data repository scanning in 668 ms. Found 4 JPA repository interfaces.
2026-01-26T19:10:20.042Z  INFO 127 --- [           main] o.hibernate.jpa.internal.util.LogHelper  : HHH000204: Processing PersistenceUnitInfo [name: default]
2026-01-26T19:10:20.702Z  INFO 127 --- [           main] org.hibernate.Version                    : HHH000412: Hibernate ORM core version 6.4.1.Final
2026-01-26T19:10:20.952Z  INFO 127 --- [           main] o.h.c.internal.RegionFactoryInitiator    : HHH000026: Second-level cache disabled
2026-01-26T19:10:22.126Z  INFO 127 --- [           main] o.s.o.j.p.SpringPersistenceUnitInfo      : No LoadTimeWeaver setup: ignoring JPA class transformer
2026-01-26T19:10:22.315Z  INFO 127 --- [           main] com.zaxxer.hikari.HikariDataSource       : HikariPool-1 - Starting...
2026-01-26T19:10:23.834Z  INFO 127 --- [           main] com.zaxxer.hikari.pool.HikariPool        : HikariPool-1 - Added connection conn0: url=jdbc:h2:mem:testdb user=SA
2026-01-26T19:10:23.848Z  INFO 127 --- [           main] com.zaxxer.hikari.HikariDataSource       : HikariPool-1 - Start completed.
2026-01-26T19:10:24.022Z  WARN 127 --- [           main] org.hibernate.orm.deprecation            : HHH90000025: H2Dialect does not need to be specified explicitly using 'hibernate.dialect' (remove the property setting and it will be selected by default)
2026-01-26T19:10:30.491Z  INFO 127 --- [           main] o.h.e.t.j.p.i.JtaPlatformInitiator       : HHH000489: No JTA platform available (set 'hibernate.transaction.jta.platform' to enable JTA platform integration)
2026-01-26T19:10:30.896Z  INFO 127 --- [           main] j.LocalContainerEntityManagerFactoryBean : Initialized JPA EntityManagerFactory for persistence unit 'default'
2026-01-26T19:10:34.792Z  INFO 127 --- [           main] o.s.d.j.r.query.QueryEnhancerFactory     : Hibernate is in classpath; If applicable, HQL parser will be used.
2026-01-26T19:10:39.054Z  WARN 127 --- [           main] JpaBaseConfiguration$JpaWebConfiguration : spring.jpa.open-in-view is enabled by default. Therefore, database queries may be performed during view rendering. Explicitly configure spring.jpa.open-in-view to disable this warning
2026-01-26T19:10:41.061Z  INFO 127 --- [           main] o.s.s.web.DefaultSecurityFilterChain     : Will secure any request with [org.springframework.security.web.session.DisableEncodeUrlFilter@319f21b7, org.springframework.security.web.context.request.async.WebAsyncManagerIntegrationFilter@6f8a11f0, org.springframework.security.web.context.SecurityContextHolderFilter@2aa43751, org.springframework.security.web.header.HeaderWriterFilter@2cf065e9, org.springframework.web.filter.CorsFilter@1dfdac1f, org.springframework.security.web.authentication.logout.LogoutFilter@5910aa2e, com.example.receipt.security.JwtAuthenticationFilter@21624bde, org.springframework.security.web.savedrequest.RequestCacheAwareFilter@5c96d290, org.springframework.security.web.servletapi.SecurityContextHolderAwareRequestFilter@3e908a0b, org.springframework.security.web.authentication.AnonymousAuthenticationFilter@35e6861, org.springframework.security.web.session.SessionManagementFilter@4eb1407f, org.springframework.security.web.access.ExceptionTranslationFilter@7ba4591, org.springframework.security.web.access.intercept.AuthorizationFilter@156cfd3b]
2026-01-26T19:10:42.797Z  INFO 127 --- [           main] o.s.b.a.h2.H2ConsoleAutoConfiguration    : H2 console available at '/h2-console'. Database available at 'jdbc:h2:mem:testdb'
2026-01-26T19:10:43.345Z  INFO 127 --- [           main] o.s.a.r.c.CachingConnectionFactory       : Attempting to connect to: [localhost:5672]
2026-01-26T19:10:43.413Z  INFO 127 --- [           main] o.s.a.r.l.SimpleMessageListenerContainer : Broker not available; cannot force queue declarations during start: java.net.ConnectException: Connection refused
2026-01-26T19:10:43.444Z  INFO 127 --- [ntContainer#0-1] o.s.a.r.c.CachingConnectionFactory       : Attempting to connect to: [localhost:5672]
2026-01-26T19:10:43.449Z ERROR 127 --- [ntContainer#0-1] o.s.a.r.l.SimpleMessageListenerContainer : Failed to check/redeclare auto-delete queue(s).

org.springframework.amqp.AmqpConnectException: java.net.ConnectException: Connection refused
	at org.springframework.amqp.rabbit.support.RabbitExceptionTranslator.convertRabbitAccessException(RabbitExceptionTranslator.java:61) ~[spring-rabbit-3.1.1.jar:3.1.1]
	at org.springframework.amqp.rabbit.connection.AbstractConnectionFactory.createBareConnection(AbstractConnectionFactory.java:606) ~[spring-rabbit-3.1.1.jar:3.1.1]
	at org.springframework.amqp.rabbit.connection.CachingConnectionFactory.createConnection(CachingConnectionFactory.java:727) ~[spring-rabbit-3.1.1.jar:3.1.1]
	at org.springframework.amqp.rabbit.connection.ConnectionFactoryUtils.createConnection(ConnectionFactoryUtils.java:257) ~[spring-rabbit-3.1.1.jar:3.1.1]
	at org.springframework.amqp.rabbit.core.RabbitTemplate.doExecute(RabbitTemplate.java:2249) ~[spring-rabbit-3.1.1.jar:3.1.1]
	at org.springframework.amqp.rabbit.core.RabbitTemplate.execute(RabbitTemplate.java:2222) ~[spring-rabbit-3.1.1.jar:3.1.1]
	at org.springframework.amqp.rabbit.core.RabbitTemplate.execute(RabbitTemplate.java:2202) ~[spring-rabbit-3.1.1.jar:3.1.1]
	at org.springframework.amqp.rabbit.core.RabbitAdmin.getQueueInfo(RabbitAdmin.java:467) ~[spring-rabbit-3.1.1.jar:3.1.1]
	at org.springframework.amqp.rabbit.core.RabbitAdmin.getQueueProperties(RabbitAdmin.java:451) ~[spring-rabbit-3.1.1.jar:3.1.1]
	at org.springframework.amqp.rabbit.listener.AbstractMessageListenerContainer.attemptDeclarations(AbstractMessageListenerContainer.java:1960) ~[spring-rabbit-3.1.1.jar:3.1.1]
	at org.springframework.amqp.rabbit.listener.AbstractMessageListenerContainer.redeclareElementsIfNecessary(AbstractMessageListenerContainer.java:1924) ~[spring-rabbit-3.1.1.jar:3.1.1]
	at org.springframework.amqp.rabbit.listener.SimpleMessageListenerContainer$AsyncMessageProcessingConsumer.initialize(SimpleMessageListenerContainer.java:1435) ~[spring-rabbit-3.1.1.jar:3.1.1]
	at org.springframework.amqp.rabbit.listener.SimpleMessageListenerContainer$AsyncMessageProcessingConsumer.run(SimpleMessageListenerContainer.java:1277) ~[spring-rabbit-3.1.1.jar:3.1.1]
	at java.base/java.lang.Thread.run(Thread.java:1583) ~[na:na]
Caused by: java.net.ConnectException: Connection refused
	at java.base/sun.nio.ch.Net.pollConnect(Native Method) ~[na:na]
	at java.base/sun.nio.ch.Net.pollConnectNow(Net.java:682) ~[na:na]
	at java.base/sun.nio.ch.NioSocketImpl.timedFinishConnect(NioSocketImpl.java:542) ~[na:na]
	at java.base/sun.nio.ch.NioSocketImpl.connect(NioSocketImpl.java:592) ~[na:na]
	at java.base/java.net.SocksSocketImpl.connect(SocksSocketImpl.java:327) ~[na:na]
	at java.base/java.net.Socket.connect(Socket.java:751) ~[na:na]
	at com.rabbitmq.client.impl.SocketFrameHandlerFactory.create(SocketFrameHandlerFactory.java:61) ~[amqp-client-5.19.0.jar:5.19.0]
	at com.rabbitmq.client.ConnectionFactory.newConnection(ConnectionFactory.java:1249) ~[amqp-client-5.19.0.jar:5.19.0]
	at com.rabbitmq.client.ConnectionFactory.newConnection(ConnectionFactory.java:1198) ~[amqp-client-5.19.0.jar:5.19.0]
	at org.springframework.amqp.rabbit.connection.AbstractConnectionFactory.connectAddresses(AbstractConnectionFactory.java:652) ~[spring-rabbit-3.1.1.jar:3.1.1]
	at org.springframework.amqp.rabbit.connection.AbstractConnectionFactory.connect(AbstractConnectionFactory.java:621) ~[spring-rabbit-3.1.1.jar:3.1.1]
	at org.springframework.amqp.rabbit.connection.AbstractConnectionFactory.createBareConnection(AbstractConnectionFactory.java:568) ~[spring-rabbit-3.1.1.jar:3.1.1]
	... 12 common frames omitted

2026-01-26T19:10:43.477Z  INFO 127 --- [ntContainer#0-1] o.s.a.r.c.CachingConnectionFactory       : Attempting to connect to: [localhost:5672]
2026-01-26T19:10:43.488Z  INFO 127 --- [           main] c.e.receipt.ReceiptApplicationTests      : Started ReceiptApplicationTests in 35.532 seconds (process running for 52.14)
2026-01-26T19:10:43.794Z  INFO 127 --- [           main] t.c.s.AnnotationConfigContextLoaderUtils : Could not detect default configuration classes for test class [com.example.receipt.repository.PropertyRepositoryTest]: PropertyRepositoryTest does not declare any static, non-private, non-final, nested classes annotated with @Configuration.
2026-01-26T19:10:44.322Z  INFO 127 --- [           main] .b.t.c.SpringBootTestContextBootstrapper : Found @SpringBootConfiguration com.example.receipt.ReceiptApplication for test class com.example.receipt.repository.PropertyRepositoryTest

  .   ____          _            __ _ _
 /\\ / ___'_ __ _ _(_)_ __  __ _ \ \ \ \
( ( )\___ | '_ | '_| | '_ \/ _` | \ \ \ \
 \\/  ___)| |_)| | | | | || (_| |  ) ) ) )
  '  |____| .__|_| |_|_| |_\__, | / / / /
 =========|_|==============|___/=/_/_/_/
 :: Spring Boot ::                (v3.2.2)

2026-01-26T19:10:44.510Z  INFO 127 --- [           main] c.e.r.repository.PropertyRepositoryTest  : Starting PropertyRepositoryTest using Java 21.0.9 with PID 127 (started by root in /app)
2026-01-26T19:10:44.511Z  INFO 127 --- [           main] c.e.r.repository.PropertyRepositoryTest  : No active profile set, falling back to 1 default profile: "default"
2026-01-26T19:10:45.485Z  INFO 127 --- [           main] .s.d.r.c.RepositoryConfigurationDelegate : Bootstrapping Spring Data JPA repositories in DEFAULT mode.
2026-01-26T19:10:46.350Z  INFO 127 --- [           main] .s.d.r.c.RepositoryConfigurationDelegate : Finished Spring Data repository scanning in 864 ms. Found 4 JPA repository interfaces.
2026-01-26T19:10:46.402Z  INFO 127 --- [           main] beddedDataSourceBeanFactoryPostProcessor : Replacing 'dataSource' DataSource bean with embedded version
2026-01-26T19:10:46.495Z  INFO 127 --- [           main] o.s.j.d.e.EmbeddedDatabaseFactory        : Starting embedded database: url='jdbc:h2:mem:baa4a482-9a43-4bbf-b4a9-24d059d6e6d6;DB_CLOSE_DELAY=-1;DB_CLOSE_ON_EXIT=false', username='sa'
2026-01-26T19:10:46.736Z  INFO 127 --- [           main] o.hibernate.jpa.internal.util.LogHelper  : HHH000204: Processing PersistenceUnitInfo [name: default]
2026-01-26T19:10:46.814Z  INFO 127 --- [           main] o.h.c.internal.RegionFactoryInitiator    : HHH000026: Second-level cache disabled
2026-01-26T19:10:46.934Z  INFO 127 --- [           main] o.s.o.j.p.SpringPersistenceUnitInfo      : No LoadTimeWeaver setup: ignoring JPA class transformer
2026-01-26T19:10:47.064Z  WARN 127 --- [           main] org.hibernate.orm.deprecation            : HHH90000025: H2Dialect does not need to be specified explicitly using 'hibernate.dialect' (remove the property setting and it will be selected by default)
2026-01-26T19:10:47.634Z  INFO 127 --- [           main] o.h.e.t.j.p.i.JtaPlatformInitiator       : HHH000489: No JTA platform available (set 'hibernate.transaction.jta.platform' to enable JTA platform integration)
Hibernate: 
    drop table if exists properties cascade 
Hibernate: 
    drop table if exists property_receipts cascade 
Hibernate: 
    drop table if exists receipt_sources cascade 
Hibernate: 
    drop table if exists receipts cascade 
Hibernate: 
    drop table if exists roles cascade 
Hibernate: 
    drop table if exists user_roles cascade 
Hibernate: 
    drop table if exists users cascade 
Hibernate: 
    create table properties (
        id bigint generated by default as identity,
        alias varchar(255) unique,
        city varchar(255) not null,
        name varchar(255) not null unique,
        state varchar(255) not null,
        street_name varchar(255) not null,
        street_number varchar(255) not null,
        unit varchar(255),
        zip_code varchar(255) not null,
        primary key (id)
    )
Hibernate: 
    create table property_receipts (
        portion float(53) not null,
        id bigint generated by default as identity,
        property_id bigint not null,
        receipt_id bigint not null,
        primary key (id)
    )
Hibernate: 
    create table receipt_sources (
        id bigint generated by default as identity,
        description varchar(255) not null,
        retailer_name varchar(255) not null unique,
        primary key (id)
    )
Hibernate: 
    create table receipts (
        amount float(53) not null,
        receipt_year integer not null,
        id bigint generated by default as identity,
        receipt_source_id bigint not null,
        description varchar(255),
        receipt_date varchar(255) not null,
        primary key (id)
    )
Hibernate: 
    create table roles (
        id bigint generated by default as identity,
        description varchar(255),
        name varchar(255) not null unique,
        primary key (id)
    )
Hibernate: 
    create table user_roles (
        role_id bigint not null,
        user_id bigint not null,
        primary key (role_id, user_id)
    )
Hibernate: 
    create table users (
        enabled boolean not null,
        id bigint generated by default as identity,
        email varchar(255) not null unique,
        password varchar(255) not null,
        username varchar(255) not null unique,
        primary key (id)
    )
Hibernate: 
    alter table if exists property_receipts 
       add constraint FK8433dduo1io8b7m8tw319k8n4 
       foreign key (property_id) 
       references properties
Hibernate: 
    alter table if exists property_receipts 
       add constraint FK50g9f1ncpnyqgo0p2q7b7igbi 
       foreign key (receipt_id) 
       references receipts
Hibernate: 
    alter table if exists receipts 
       add constraint FKeok121dmj5dc1jt3i7j9889d4 
       foreign key (receipt_source_id) 
       references receipt_sources
Hibernate: 
    alter table if exists user_roles 
       add constraint FKh8ciramu9cc9q3qcqiv4ue8a6 
       foreign key (role_id) 
       references roles
Hibernate: 
    alter table if exists user_roles 
       add constraint FKhfh9dx7w3ubf1co1vdev94g3f 
       foreign key (user_id) 
       references users
2026-01-26T19:10:47.677Z  INFO 127 --- [           main] j.LocalContainerEntityManagerFactoryBean : Initialized JPA EntityManagerFactory for persistence unit 'default'
2026-01-26T19:10:47.977Z  INFO 127 --- [           main] c.e.r.repository.PropertyRepositoryTest  : Started PropertyRepositoryTest in 3.644 seconds (process running for 56.63)
2026-01-26T19:10:48.483Z  WARN 127 --- [ntContainer#0-1] o.s.a.r.l.SimpleMessageListenerContainer : Consumer raised exception, processing can restart if the connection factory supports it. Exception summary: org.springframework.amqp.AmqpConnectException: java.net.ConnectException: Connection refused
2026-01-26T19:10:48.528Z  INFO 127 --- [ntContainer#0-1] o.s.a.r.l.SimpleMessageListenerContainer : Restarting Consumer@49d5b1: tags=[[]], channel=null, acknowledgeMode=AUTO local queue size=0
2026-01-26T19:10:48.530Z  INFO 127 --- [ntContainer#0-2] o.s.a.r.c.CachingConnectionFactory       : Attempting to connect to: [localhost:5672]
2026-01-26T19:10:48.533Z ERROR 127 --- [ntContainer#0-2] o.s.a.r.l.SimpleMessageListenerContainer : Failed to check/redeclare auto-delete queue(s).
2026-01-26T19:10:48.533Z  INFO 127 --- [ntContainer#0-2] o.s.a.r.c.CachingConnectionFactory       : Attempting to connect to: [localhost:5672]
Hibernate: 
    select
        p1_0.id,
        p1_0.alias,
        p1_0.unit,
        p1_0.city,
        p1_0.name,
        pr1_0.property_id,
        pr1_0.id,
        pr1_0.portion,
        pr1_0.receipt_id,
        r1_0.id,
        r1_0.amount,
        r1_0.description,
        r1_0.receipt_date,
        r1_0.receipt_source_id,
        r1_0.receipt_year,
        p1_0.state,
        p1_0.street_name,
        p1_0.street_number,
        p1_0.zip_code 
    from
        properties p1_0 
    left join
        property_receipts pr1_0 
            on p1_0.id=pr1_0.property_id 
    left join
        receipts r1_0 
            on r1_0.id=pr1_0.receipt_id 
    where
        p1_0.id=?
Hibernate: 
    insert 
    into
        properties
        (alias, unit, city, name, state, street_name, street_number, zip_code, id) 
    values
        (?, ?, ?, ?, ?, ?, ?, ?, default)
Hibernate: 
    insert 
    into
        receipt_sources
        (description, retailer_name, id) 
    values
        (?, ?, default)
Hibernate: 
    insert 
    into
        receipts
        (amount, description, receipt_date, receipt_source_id, receipt_year, id) 
    values
        (?, ?, ?, ?, ?, default)
Hibernate: 
    insert 
    into
        receipts
        (amount, description, receipt_date, receipt_source_id, receipt_year, id) 
    values
        (?, ?, ?, ?, ?, default)
Hibernate: 
    insert 
    into
        property_receipts
        (portion, property_id, receipt_id, id) 
    values
        (?, ?, ?, default)
Hibernate: 
    insert 
    into
        property_receipts
        (portion, property_id, receipt_id, id) 
    values
        (?, ?, ?, default)
Hibernate: 
    select
        p1_0.id,
        p1_0.alias,
        p1_0.unit,
        p1_0.city,
        p1_0.name,
        pr1_0.property_id,
        pr1_0.id,
        pr1_0.portion,
        pr1_0.receipt_id,
        r1_0.id,
        r1_0.amount,
        r1_0.description,
        r1_0.receipt_date,
        r1_0.receipt_source_id,
        r1_0.receipt_year,
        p1_0.state,
        p1_0.street_name,
        p1_0.street_number,
        p1_0.zip_code 
    from
        properties p1_0 
    left join
        property_receipts pr1_0 
            on p1_0.id=pr1_0.property_id 
    left join
        receipts r1_0 
            on r1_0.id=pr1_0.receipt_id 
    where
        p1_0.id=? 
        and (
            ? is null 
            or r1_0.receipt_year=?
        )
Hibernate: 
    select
        rs1_0.id,
        rs1_0.description,
        rs1_0.retailer_name 
    from
        receipt_sources rs1_0 
    where
        rs1_0.id=?
Hibernate: 
    insert 
    into
        properties
        (alias, unit, city, name, state, street_name, street_number, zip_code, id) 
    values
        (?, ?, ?, ?, ?, ?, ?, ?, default)
Hibernate: 
    insert 
    into
        receipt_sources
        (description, retailer_name, id) 
    values
        (?, ?, default)
Hibernate: 
    insert 
    into
        receipts
        (amount, description, receipt_date, receipt_source_id, receipt_year, id) 
    values
        (?, ?, ?, ?, ?, default)
Hibernate: 
    insert 
    into
        property_receipts
        (portion, property_id, receipt_id, id) 
    values
        (?, ?, ?, default)
Hibernate: 
    select
        p1_0.id,
        p1_0.alias,
        p1_0.unit,
        p1_0.city,
        p1_0.name,
        pr1_0.property_id,
        pr1_0.id,
        pr1_0.portion,
        pr1_0.receipt_id,
        r1_0.id,
        r1_0.amount,
        r1_0.description,
        r1_0.receipt_date,
        r1_0.receipt_source_id,
        r1_0.receipt_year,
        p1_0.state,
        p1_0.street_name,
        p1_0.street_number,
        p1_0.zip_code 
    from
        properties p1_0 
    left join
        property_receipts pr1_0 
            on p1_0.id=pr1_0.property_id 
    left join
        receipts r1_0 
            on r1_0.id=pr1_0.receipt_id 
    where
        p1_0.id=?
Hibernate: 
    select
        rs1_0.id,
        rs1_0.description,
        rs1_0.retailer_name 
    from
        receipt_sources rs1_0 
    where
        rs1_0.id=?
2026-01-26T19:10:49.538Z  INFO 127 --- [           main] t.c.s.AnnotationConfigContextLoaderUtils : Could not detect default configuration classes for test class [com.example.receipt.repository.ReceiptRepositoryTest]: ReceiptRepositoryTest does not declare any static, non-private, non-final, nested classes annotated with @Configuration.
2026-01-26T19:10:49.733Z  INFO 127 --- [           main] .b.t.c.SpringBootTestContextBootstrapper : Found @SpringBootConfiguration com.example.receipt.ReceiptApplication for test class com.example.receipt.repository.ReceiptRepositoryTest
Hibernate: 
    insert 
    into
        receipt_sources
        (description, retailer_name, id) 
    values
        (?, ?, default)
Hibernate: 
    insert 
    into
        receipts
        (amount, description, receipt_date, receipt_source_id, receipt_year, id) 
    values
        (?, ?, ?, ?, ?, default)
Hibernate: 
    delete 
    from
        receipts 
    where
        id=?
Hibernate: 
    select
        count(*) 
    from
        receipts r1_0 
    where
        r1_0.id=?
Hibernate: 
    insert 
    into
        receipt_sources
        (description, retailer_name, id) 
    values
        (?, ?, default)
Hibernate: 
    insert 
    into
        receipts
        (amount, description, receipt_date, receipt_source_id, receipt_year, id) 
    values
        (?, ?, ?, ?, ?, default)
Hibernate: 
    insert 
    into
        receipts
        (amount, description, receipt_date, receipt_source_id, receipt_year, id) 
    values
        (?, ?, ?, ?, ?, default)
Hibernate: 
    insert 
    into
        receipts
        (amount, description, receipt_date, receipt_source_id, receipt_year, id) 
    values
        (?, ?, ?, ?, ?, default)
Hibernate: 
    select
        r1_0.id,
        r1_0.amount,
        r1_0.description,
        r1_0.receipt_date,
        r1_0.receipt_source_id,
        r1_0.receipt_year 
    from
        receipts r1_0 
    where
        r1_0.receipt_year=?
Hibernate: 
    select
        r1_0.id,
        r1_0.amount,
        r1_0.description,
        r1_0.receipt_date,
        r1_0.receipt_source_id,
        r1_0.receipt_year 
    from
        receipts r1_0 
    where
        r1_0.receipt_year=?
Hibernate: 
    insert 
    into
        receipt_sources
        (description, retailer_name, id) 
    values
        (?, ?, default)
Hibernate: 
    insert 
    into
        receipts
        (amount, description, receipt_date, receipt_source_id, receipt_year, id) 
    values
        (?, ?, ?, ?, ?, default)
Hibernate: 
    select
        count(*) 
    from
        receipts r1_0 
    where
        r1_0.id=?
Hibernate: 
    select
        count(*) 
    from
        receipts r1_0 
    where
        r1_0.id=?
Hibernate: 
    insert 
    into
        receipt_sources
        (description, retailer_name, id) 
    values
        (?, ?, default)
Hibernate: 
    insert 
    into
        receipts
        (amount, description, receipt_date, receipt_source_id, receipt_year, id) 
    values
        (?, ?, ?, ?, ?, default)
Hibernate: 
    insert 
    into
        receipt_sources
        (description, retailer_name, id) 
    values
        (?, ?, default)
Hibernate: 
    insert 
    into
        receipts
        (amount, description, receipt_date, receipt_source_id, receipt_year, id) 
    values
        (?, ?, ?, ?, ?, default)
Hibernate: 
    insert 
    into
        receipts
        (amount, description, receipt_date, receipt_source_id, receipt_year, id) 
    values
        (?, ?, ?, ?, ?, default)
Hibernate: 
    insert 
    into
        receipts
        (amount, description, receipt_date, receipt_source_id, receipt_year, id) 
    values
        (?, ?, ?, ?, ?, default)
Hibernate: 
    select
        r1_0.id,
        r1_0.amount,
        r1_0.description,
        r1_0.receipt_date,
        r1_0.receipt_source_id,
        r1_0.receipt_year 
    from
        receipts r1_0 
    offset
        ? rows 
    fetch
        first ? rows only
Hibernate: 
    select
        count(r1_0.id) 
    from
        receipts r1_0
Hibernate: 
    insert 
    into
        receipt_sources
        (description, retailer_name, id) 
    values
        (?, ?, default)
Hibernate: 
    insert 
    into
        receipts
        (amount, description, receipt_date, receipt_source_id, receipt_year, id) 
    values
        (?, ?, ?, ?, ?, default)
Hibernate: 
    select
        r1_0.id,
        r1_0.amount,
        r1_0.description,
        r1_0.receipt_date,
        r1_0.receipt_source_id,
        r1_0.receipt_year 
    from
        receipts r1_0 
    where
        r1_0.receipt_year=?
Hibernate: 
    insert 
    into
        receipt_sources
        (description, retailer_name, id) 
    values
        (?, ?, default)
Hibernate: 
    insert 
    into
        receipts
        (amount, description, receipt_date, receipt_source_id, receipt_year, id) 
    values
        (?, ?, ?, ?, ?, default)
Hibernate: 
    insert 
    into
        receipts
        (amount, description, receipt_date, receipt_source_id, receipt_year, id) 
    values
        (?, ?, ?, ?, ?, default)
Hibernate: 
    insert 
    into
        receipts
        (amount, description, receipt_date, receipt_source_id, receipt_year, id) 
    values
        (?, ?, ?, ?, ?, default)
Hibernate: 
    select
        r1_0.id,
        r1_0.amount,
        r1_0.description,
        r1_0.receipt_date,
        r1_0.receipt_source_id,
        r1_0.receipt_year 
    from
        receipts r1_0 
    left join
        receipt_sources rs1_0 
            on rs1_0.id=r1_0.receipt_source_id 
    where
        rs1_0.id=? 
        and r1_0.receipt_year=?
Hibernate: 
    insert 
    into
        receipt_sources
        (description, retailer_name, id) 
    values
        (?, ?, default)
Hibernate: 
    insert 
    into
        receipts
        (amount, description, receipt_date, receipt_source_id, receipt_year, id) 
    values
        (?, ?, ?, ?, ?, default)
Hibernate: 
    insert 
    into
        receipts
        (amount, description, receipt_date, receipt_source_id, receipt_year, id) 
    values
        (?, ?, ?, ?, ?, default)
Hibernate: 
    select
        count(*) 
    from
        receipts r1_0 
    where
        r1_0.id=?
Hibernate: 
    insert 
    into
        receipt_sources
        (description, retailer_name, id) 
    values
        (?, ?, default)
Hibernate: 
    insert 
    into
        receipts
        (amount, description, receipt_date, receipt_source_id, receipt_year, id) 
    values
        (?, ?, ?, ?, ?, default)
Hibernate: 
    insert 
    into
        receipt_sources
        (description, retailer_name, id) 
    values
        (?, ?, default)
Hibernate: 
    insert 
    into
        receipts
        (amount, description, receipt_date, receipt_source_id, receipt_year, id) 
    values
        (?, ?, ?, ?, ?, default)
Hibernate: 
    select
        r1_0.id,
        r1_0.amount,
        r1_0.description,
        r1_0.receipt_date,
        r1_0.receipt_source_id,
        r1_0.receipt_year 
    from
        receipts r1_0 
    left join
        receipt_sources rs1_0 
            on rs1_0.id=r1_0.receipt_source_id 
    where
        rs1_0.id=?
Hibernate: 
    select
        r1_0.id,
        r1_0.amount,
        r1_0.description,
        r1_0.receipt_date,
        r1_0.receipt_source_id,
        r1_0.receipt_year 
    from
        receipts r1_0 
    left join
        receipt_sources rs1_0 
            on rs1_0.id=r1_0.receipt_source_id 
    where
        rs1_0.id=?
Hibernate: 
    insert 
    into
        receipt_sources
        (description, retailer_name, id) 
    values
        (?, ?, default)
Hibernate: 
    insert 
    into
        receipts
        (amount, description, receipt_date, receipt_source_id, receipt_year, id) 
    values
        (?, ?, ?, ?, ?, default)
2026-01-26T19:10:50.458Z  INFO 127 --- [           main] t.c.s.AnnotationConfigContextLoaderUtils : Could not detect default configuration classes for test class [com.example.receipt.service.EmailServiceImplTest]: EmailServiceImplTest does not declare any static, non-private, non-final, nested classes annotated with @Configuration.
2026-01-26T19:10:50.784Z  INFO 127 --- [           main] .b.t.c.SpringBootTestContextBootstrapper : Found @SpringBootConfiguration com.example.receipt.ReceiptApplication for test class com.example.receipt.service.EmailServiceImplTest

  .   ____          _            __ _ _
 /\\ / ___'_ __ _ _(_)_ __  __ _ \ \ \ \
( ( )\___ | '_ | '_| | '_ \/ _` | \ \ \ \
 \\/  ___)| |_)| | | | | || (_| |  ) ) ) )
  '  |____| .__|_| |_|_| |_\__, | / / / /
 =========|_|==============|___/=/_/_/_/
 :: Spring Boot ::                (v3.2.2)

2026-01-26T19:10:50.979Z  INFO 127 --- [           main] c.e.r.service.EmailServiceImplTest       : Starting EmailServiceImplTest using Java 21.0.9 with PID 127 (started by root in /app)
2026-01-26T19:10:50.979Z  INFO 127 --- [           main] c.e.r.service.EmailServiceImplTest       : No active profile set, falling back to 1 default profile: "default"
2026-01-26T19:10:53.539Z  WARN 127 --- [ntContainer#0-2] o.s.a.r.l.SimpleMessageListenerContainer : Consumer raised exception, processing can restart if the connection factory supports it. Exception summary: org.springframework.amqp.AmqpConnectException: java.net.ConnectException: Connection refused
2026-01-26T19:10:53.540Z  INFO 127 --- [ntContainer#0-2] o.s.a.r.l.SimpleMessageListenerContainer : Restarting Consumer@2fd36d49: tags=[[]], channel=null, acknowledgeMode=AUTO local queue size=0
2026-01-26T19:10:53.542Z  INFO 127 --- [ntContainer#0-3] o.s.a.r.c.CachingConnectionFactory       : Attempting to connect to: [localhost:5672]
2026-01-26T19:10:53.544Z ERROR 127 --- [ntContainer#0-3] o.s.a.r.l.SimpleMessageListenerContainer : Failed to check/redeclare auto-delete queue(s).
2026-01-26T19:10:53.544Z  INFO 127 --- [ntContainer#0-3] o.s.a.r.c.CachingConnectionFactory       : Attempting to connect to: [localhost:5672]
2026-01-26T19:10:53.903Z  INFO 127 --- [           main] .s.d.r.c.RepositoryConfigurationDelegate : Bootstrapping Spring Data JPA repositories in DEFAULT mode.
2026-01-26T19:10:54.480Z  INFO 127 --- [           main] .s.d.r.c.RepositoryConfigurationDelegate : Finished Spring Data repository scanning in 577 ms. Found 4 JPA repository interfaces.
2026-01-26T19:10:54.927Z  INFO 127 --- [           main] o.hibernate.jpa.internal.util.LogHelper  : HHH000204: Processing PersistenceUnitInfo [name: default]
2026-01-26T19:10:55.008Z  INFO 127 --- [           main] o.h.c.internal.RegionFactoryInitiator    : HHH000026: Second-level cache disabled
2026-01-26T19:10:55.152Z  INFO 127 --- [           main] o.s.o.j.p.SpringPersistenceUnitInfo      : No LoadTimeWeaver setup: ignoring JPA class transformer
2026-01-26T19:10:55.168Z  INFO 127 --- [           main] com.zaxxer.hikari.HikariDataSource       : HikariPool-2 - Starting...
2026-01-26T19:10:55.171Z  INFO 127 --- [           main] com.zaxxer.hikari.pool.HikariPool        : HikariPool-2 - Added connection conn27: url=jdbc:h2:mem:testdb user=SA
2026-01-26T19:10:55.173Z  INFO 127 --- [           main] com.zaxxer.hikari.HikariDataSource       : HikariPool-2 - Start completed.
2026-01-26T19:10:55.174Z  WARN 127 --- [           main] org.hibernate.orm.deprecation            : HHH90000025: H2Dialect does not need to be specified explicitly using 'hibernate.dialect' (remove the property setting and it will be selected by default)
2026-01-26T19:10:55.930Z  INFO 127 --- [           main] o.h.e.t.j.p.i.JtaPlatformInitiator       : HHH000489: No JTA platform available (set 'hibernate.transaction.jta.platform' to enable JTA platform integration)
2026-01-26T19:10:55.978Z  INFO 127 --- [           main] j.LocalContainerEntityManagerFactoryBean : Initialized JPA EntityManagerFactory for persistence unit 'default'
2026-01-26T19:10:56.426Z  WARN 127 --- [           main] JpaBaseConfiguration$JpaWebConfiguration : spring.jpa.open-in-view is enabled by default. Therefore, database queries may be performed during view rendering. Explicitly configure spring.jpa.open-in-view to disable this warning
2026-01-26T19:10:56.994Z  INFO 127 --- [           main] o.s.s.web.DefaultSecurityFilterChain     : Will secure any request with [org.springframework.security.web.session.DisableEncodeUrlFilter@504863d7, org.springframework.security.web.context.request.async.WebAsyncManagerIntegrationFilter@522ef462, org.springframework.security.web.context.SecurityContextHolderFilter@18690d13, org.springframework.security.web.header.HeaderWriterFilter@14e9eace, org.springframework.web.filter.CorsFilter@65b6b7e9, org.springframework.security.web.authentication.logout.LogoutFilter@74eed145, com.example.receipt.security.JwtAuthenticationFilter@2cf97fb4, org.springframework.security.web.savedrequest.RequestCacheAwareFilter@79dd676f, org.springframework.security.web.servletapi.SecurityContextHolderAwareRequestFilter@22395d00, org.springframework.security.web.authentication.AnonymousAuthenticationFilter@76372f7f, org.springframework.security.web.session.SessionManagementFilter@c01b, org.springframework.security.web.access.ExceptionTranslationFilter@7bf344dd, org.springframework.security.web.access.intercept.AuthorizationFilter@ea3a636]
2026-01-26T19:10:57.273Z  INFO 127 --- [           main] o.s.b.a.h2.H2ConsoleAutoConfiguration    : H2 console available at '/h2-console'. Database available at 'jdbc:h2:mem:testdb'
2026-01-26T19:10:57.324Z  INFO 127 --- [           main] o.s.a.r.c.CachingConnectionFactory       : Attempting to connect to: [localhost:5672]
2026-01-26T19:10:57.327Z  INFO 127 --- [           main] o.s.a.r.l.SimpleMessageListenerContainer : Broker not available; cannot force queue declarations during start: java.net.ConnectException: Connection refused
2026-01-26T19:10:57.328Z  INFO 127 --- [ntContainer#0-1] o.s.a.r.c.CachingConnectionFactory       : Attempting to connect to: [localhost:5672]
2026-01-26T19:10:57.329Z ERROR 127 --- [ntContainer#0-1] o.s.a.r.l.SimpleMessageListenerContainer : Failed to check/redeclare auto-delete queue(s).

org.springframework.amqp.AmqpConnectException: java.net.ConnectException: Connection refused
	at org.springframework.amqp.rabbit.support.RabbitExceptionTranslator.convertRabbitAccessException(RabbitExceptionTranslator.java:61) ~[spring-rabbit-3.1.1.jar:3.1.1]
	at org.springframework.amqp.rabbit.connection.AbstractConnectionFactory.createBareConnection(AbstractConnectionFactory.java:606) ~[spring-rabbit-3.1.1.jar:3.1.1]
	at org.springframework.amqp.rabbit.connection.CachingConnectionFactory.createConnection(CachingConnectionFactory.java:727) ~[spring-rabbit-3.1.1.jar:3.1.1]
	at org.springframework.amqp.rabbit.connection.ConnectionFactoryUtils.createConnection(ConnectionFactoryUtils.java:257) ~[spring-rabbit-3.1.1.jar:3.1.1]
	at org.springframework.amqp.rabbit.core.RabbitTemplate.doExecute(RabbitTemplate.java:2249) ~[spring-rabbit-3.1.1.jar:3.1.1]
	at org.springframework.amqp.rabbit.core.RabbitTemplate.execute(RabbitTemplate.java:2222) ~[spring-rabbit-3.1.1.jar:3.1.1]
	at org.springframework.amqp.rabbit.core.RabbitTemplate.execute(RabbitTemplate.java:2202) ~[spring-rabbit-3.1.1.jar:3.1.1]
	at org.springframework.amqp.rabbit.core.RabbitAdmin.getQueueInfo(RabbitAdmin.java:467) ~[spring-rabbit-3.1.1.jar:3.1.1]
	at org.springframework.amqp.rabbit.core.RabbitAdmin.getQueueProperties(RabbitAdmin.java:451) ~[spring-rabbit-3.1.1.jar:3.1.1]
	at org.springframework.amqp.rabbit.listener.AbstractMessageListenerContainer.attemptDeclarations(AbstractMessageListenerContainer.java:1960) ~[spring-rabbit-3.1.1.jar:3.1.1]
	at org.springframework.amqp.rabbit.listener.AbstractMessageListenerContainer.redeclareElementsIfNecessary(AbstractMessageListenerContainer.java:1924) ~[spring-rabbit-3.1.1.jar:3.1.1]
	at org.springframework.amqp.rabbit.listener.SimpleMessageListenerContainer$AsyncMessageProcessingConsumer.initialize(SimpleMessageListenerContainer.java:1435) ~[spring-rabbit-3.1.1.jar:3.1.1]
	at org.springframework.amqp.rabbit.listener.SimpleMessageListenerContainer$AsyncMessageProcessingConsumer.run(SimpleMessageListenerContainer.java:1277) ~[spring-rabbit-3.1.1.jar:3.1.1]
	at java.base/java.lang.Thread.run(Thread.java:1583) ~[na:na]
Caused by: java.net.ConnectException: Connection refused
	at java.base/sun.nio.ch.Net.pollConnect(Native Method) ~[na:na]
	at java.base/sun.nio.ch.Net.pollConnectNow(Net.java:682) ~[na:na]
	at java.base/sun.nio.ch.NioSocketImpl.timedFinishConnect(NioSocketImpl.java:542) ~[na:na]
	at java.base/sun.nio.ch.NioSocketImpl.connect(NioSocketImpl.java:592) ~[na:na]
	at java.base/java.net.SocksSocketImpl.connect(SocksSocketImpl.java:327) ~[na:na]
	at java.base/java.net.Socket.connect(Socket.java:751) ~[na:na]
	at com.rabbitmq.client.impl.SocketFrameHandlerFactory.create(SocketFrameHandlerFactory.java:61) ~[amqp-client-5.19.0.jar:5.19.0]
	at com.rabbitmq.client.ConnectionFactory.newConnection(ConnectionFactory.java:1249) ~[amqp-client-5.19.0.jar:5.19.0]
	at com.rabbitmq.client.ConnectionFactory.newConnection(ConnectionFactory.java:1198) ~[amqp-client-5.19.0.jar:5.19.0]
	at org.springframework.amqp.rabbit.connection.AbstractConnectionFactory.connectAddresses(AbstractConnectionFactory.java:652) ~[spring-rabbit-3.1.1.jar:3.1.1]
	at org.springframework.amqp.rabbit.connection.AbstractConnectionFactory.connect(AbstractConnectionFactory.java:621) ~[spring-rabbit-3.1.1.jar:3.1.1]
	at org.springframework.amqp.rabbit.connection.AbstractConnectionFactory.createBareConnection(AbstractConnectionFactory.java:568) ~[spring-rabbit-3.1.1.jar:3.1.1]
	... 12 common frames omitted

2026-01-26T19:10:57.331Z  INFO 127 --- [ntContainer#0-1] o.s.a.r.c.CachingConnectionFactory       : Attempting to connect to: [localhost:5672]
2026-01-26T19:10:57.337Z  INFO 127 --- [           main] c.e.r.service.EmailServiceImplTest       : Started EmailServiceImplTest in 6.536 seconds (process running for 65.993)
2026-01-26T19:10:58.611Z  WARN 127 --- [ntContainer#0-3] o.s.a.r.l.SimpleMessageListenerContainer : Consumer raised exception, processing can restart if the connection factory supports it. Exception summary: org.springframework.amqp.AmqpConnectException: java.net.ConnectException: Connection refused
2026-01-26T19:10:58.612Z  INFO 127 --- [ntContainer#0-3] o.s.a.r.l.SimpleMessageListenerContainer : Restarting Consumer@5ddd1bbb: tags=[[]], channel=null, acknowledgeMode=AUTO local queue size=0
2026-01-26T19:10:58.630Z  INFO 127 --- [ntContainer#0-4] o.s.a.r.c.CachingConnectionFactory       : Attempting to connect to: [localhost:5672]
2026-01-26T19:10:58.632Z ERROR 127 --- [ntContainer#0-4] o.s.a.r.l.SimpleMessageListenerContainer : Failed to check/redeclare auto-delete queue(s).
2026-01-26T19:10:58.633Z  INFO 127 --- [ntContainer#0-4] o.s.a.r.c.CachingConnectionFactory       : Attempting to connect to: [localhost:5672]

